NAME                                                            READY   STATUS    RESTARTS   AGE
pod/argo-cd-argocd-application-controller-0                     1/1     Running   0          5h3m
pod/argo-cd-argocd-applicationset-controller-669c4f7c76-lk5sm   1/1     Running   0          5h3m
pod/argo-cd-argocd-dex-server-59756cf94c-kt99g                  1/1     Running   0          5h3m
pod/argo-cd-argocd-notifications-controller-7b9694d4c8-grgbt    1/1     Running   0          5h3m
pod/argo-cd-argocd-redis-558fdccb5f-n65qs                       1/1     Running   0          5h3m
pod/argo-cd-argocd-repo-server-68fbddf85f-7x6b7                 1/1     Running   0          5h3m
pod/argo-cd-argocd-server-676c658f5c-jbtcq                      1/1     Running   0          5h3m

NAME                                               TYPE           CLUSTER-IP       EXTERNAL-IP                                                               PORT(S)                      AGE
service/argo-cd-argocd-applicationset-controller   ClusterIP      172.20.123.233   <none>                                                                    7000/TCP                     5h3m
service/argo-cd-argocd-dex-server                  ClusterIP      172.20.237.252   <none>                                                                    5556/TCP,5557/TCP            5h3m
service/argo-cd-argocd-redis                       ClusterIP      172.20.135.249   <none>                                                                    6379/TCP                     5h3m
service/argo-cd-argocd-repo-server                 ClusterIP      172.20.49.124    <none>                                                                    8081/TCP                     5h3m
service/argo-cd-argocd-server                      LoadBalancer   172.20.27.101    a7727431e9c4c4549816d22a94057839-1914031135.us-west-2.elb.amazonaws.com   80:31846/TCP,443:30087/TCP   5h3m

NAME                                                       READY   UP-TO-DATE   AVAILABLE   AGE
deployment.apps/argo-cd-argocd-applicationset-controller   1/1     1            1           5h3m
deployment.apps/argo-cd-argocd-dex-server                  1/1     1            1           5h3m
deployment.apps/argo-cd-argocd-notifications-controller    1/1     1            1           5h3m
deployment.apps/argo-cd-argocd-redis                       1/1     1            1           5h3m
deployment.apps/argo-cd-argocd-repo-server                 1/1     1            1           5h3m
deployment.apps/argo-cd-argocd-server                      1/1     1            1           5h3m

NAME                                                                  DESIRED   CURRENT   READY   AGE
replicaset.apps/argo-cd-argocd-applicationset-controller-669c4f7c76   1         1         1       5h3m
replicaset.apps/argo-cd-argocd-dex-server-59756cf94c                  1         1         1       5h3m
replicaset.apps/argo-cd-argocd-notifications-controller-7b9694d4c8    1         1         1       5h3m
replicaset.apps/argo-cd-argocd-redis-558fdccb5f                       1         1         1       5h3m
replicaset.apps/argo-cd-argocd-repo-server-68fbddf85f                 1         1         1       5h3m
replicaset.apps/argo-cd-argocd-server-676c658f5c                      1         1         1       5h3m

NAME                                                     READY   AGE
statefulset.apps/argo-cd-argocd-application-controller   1/1     5h3m
